START 2026-09-02T14:36:35+01:00
{
  "compared": 180,
  "exact": 99,
  "exact_accuracy": 0.55,
  "unsupported_closures": 0,
  "semantic_risk": 0.0,
  "semantic_coverage": 0.4388888888888889,
  "committed": 79,
  "SAME_recall": 0.42142857142857143,
  "DISTINCT_recall": 1.0,
  "UNRESOLVED_recall": 1.0,
  "under_closure": 81,
  "polarity_errors": 0,
  "grounding_validity": 1.0,
  "proof_validity": 1.0,
  "mean_proof_size": 1.0,
  "median_proof_size": 1.0,
  "adjudicator_proposed_wrong_caught": 0,
  "correct_closure_incorrectly_downgraded": 35,
  "correct_SAME_never_proposed": 46,
  "confusion": {
    "SAME_ENTITY": {
      "SAME_ENTITY": 59,
      "UNRESOLVED": 81
    },
    "DISTINCT": {
      "DISTINCT": 20
    },
    "UNRESOLVED": {
      "UNRESOLVED": 20
    }
  },
  "isolation_leaks": 0,
  "strategy": "a0_v2"
}
STRATEGY a1_single 2026-09-02T14:36:35+01:00
{
  "compared": 90,
  "exact": 52,
  "exact_accuracy": 0.5777777777777777,
  "unsupported_closures": 0,
  "semantic_risk": 0.0,
  "semantic_coverage": 0.4666666666666667,
  "committed": 42,
  "SAME_recall": 0.45714285714285713,
  "DISTINCT_recall": 1.0,
  "UNRESOLVED_recall": 1.0,
  "under_closure": 38,
  "polarity_errors": 0,
  "grounding_validity": 1.0,
  "proof_validity": 1.0,
  "mean_proof_size": 1.0,
  "median_proof_size": 1.0,
  "adjudicator_proposed_wrong_caught": 0,
  "correct_closure_incorrectly_downgraded": 0,
  "correct_SAME_never_proposed": 38,
  "confusion": {
    "SAME_ENTITY": {
      "SAME_ENTITY": 32,
      "UNRESOLVED": 38
    },
    "DISTINCT": {
      "DISTINCT": 10
    },
    "UNRESOLVED": {
      "UNRESOLVED": 10
    }
  },
  "isolation_leaks": 0,
  "strategy": "a1_single"
}
STRATEGY a2_critic 2026-09-02T14:51:54+01:00
Traceback (most recent call last):
  File "<frozen runpy>", line 198, in _run_module_as_main
  File "<frozen runpy>", line 88, in _run_code
  File "/home/kerem/Desktop/Personal Projects/generalauthor/research/semantic_integration/domains/diligence/semantic_proof_benchmark_v1/runner.py", line 466, in <module>
    print(json.dumps(run_strategy(args.strategy, replications=args.replications, workers=args.workers), indent=2)[:4000])
                     ~~~~~~~~~~~~^^^^^^^^^^^^^^^^^^^^^^^^^^^^^^^^^^^^^^^^^^^^^^^^^^^^^^^^^^^^^^^^^^^^^
  File "/home/kerem/Desktop/Personal Projects/generalauthor/research/semantic_integration/domains/diligence/semantic_proof_benchmark_v1/runner.py", line 436, in run_strategy
    rows.append(fut.result())
                ~~~~~~~~~~^^
  File "/home/kerem/miniconda3/lib/python3.13/concurrent/futures/_base.py", line 449, in result
    return self.__get_result()
           ~~~~~~~~~~~~~~~~~^^
  File "/home/kerem/miniconda3/lib/python3.13/concurrent/futures/_base.py", line 401, in __get_result
    raise self._exception
  File "/home/kerem/miniconda3/lib/python3.13/concurrent/futures/thread.py", line 59, in run
    result = self.fn(*self.args, **self.kwargs)
  File "/home/kerem/Desktop/Personal Projects/generalauthor/research/semantic_integration/domains/diligence/semantic_proof_benchmark_v1/runner.py", line 200, in run_a2
    persist_agent(sealed, "critic", bundle2)
    ~~~~~~~~~~~~~^^^^^^^^^^^^^^^^^^^^^^^^^^^
  File "/home/kerem/Desktop/Personal Projects/generalauthor/research/semantic_integration/domains/diligence/semantic_proof_benchmark_v1/runner.py", line 90, in persist_agent
    (sealed / f"{name}.stdout.txt").write_text(agent.get("stdout") or "")
    ~~~~~~~~~~~~~~~~~~~~~~~~~~~~~~~~~~~~~~~~~~^^^^^^^^^^^^^^^^^^^^^^^^^^^
  File "/home/kerem/miniconda3/lib/python3.13/pathlib/_local.py", line 555, in write_text
    return PathBase.write_text(self, data, encoding, errors, newline)
           ~~~~~~~~~~~~~~~~~~~^^^^^^^^^^^^^^^^^^^^^^^^^^^^^^^^^^^^^^^
  File "/home/kerem/miniconda3/lib/python3.13/pathlib/_abc.py", line 652, in write_text
    return f.write(data)
           ~~~~~~~^^^^^^
OSError: [Errno 28] No space left on device
RESUME 2026-09-02T15:34:15+01:00
STRATEGY a2_critic 2026-09-02T15:34:15+01:00
{
  "compared": 90,
  "exact": 48,
  "exact_accuracy": 0.5333333333333333,
  "unsupported_closures": 0,
  "semantic_risk": 0.0,
  "semantic_coverage": 0.4222222222222222,
  "committed": 38,
  "SAME_recall": 0.4142857142857143,
  "DISTINCT_recall": 0.9,
  "UNRESOLVED_recall": 1.0,
  "under_closure": 42,
  "polarity_errors": 0,
  "grounding_validity": 1.0,
  "proof_validity": 1.0,
  "mean_proof_size": 2.0,
  "median_proof_size": 2.0,
  "adjudicator_proposed_wrong_caught": 0,
  "correct_closure_incorrectly_downgraded": 2,
  "correct_SAME_never_proposed": 40,
  "confusion": {
    "SAME_ENTITY": {
      "SAME_ENTITY": 29,
      "UNRESOLVED": 41
    },
    "DISTINCT": {
      "DISTINCT": 9,
      "UNRESOLVED": 1
    },
    "UNRESOLVED": {
      "UNRESOLVED": 10
    }
  },
  "isolation_leaks": 0,
  "strategy": "a2_critic"
}
STRATEGY a3_entailment 2026-09-02T15:43:38+01:00
{
  "compared": 90,
  "exact": 46,
  "exact_accuracy": 0.5111111111111111,
  "unsupported_closures": 0,
  "semantic_risk": 0.0,
  "semantic_coverage": 0.4,
  "committed": 36,
  "SAME_recall": 0.37142857142857144,
  "DISTINCT_recall": 1.0,
  "UNRESOLVED_recall": 1.0,
  "under_closure": 44,
  "polarity_errors": 0,
  "grounding_validity": 1.0,
  "proof_validity": 1.0,
  "mean_proof_size": 6.055555555555555,
  "median_proof_size": 6.0,
  "adjudicator_proposed_wrong_caught": 0,
  "correct_closure_incorrectly_downgraded": 1,
  "correct_SAME_never_proposed": 43,
  "confusion": {
    "SAME_ENTITY": {
      "SAME_ENTITY": 26,
      "UNRESOLVED": 44
    },
    "DISTINCT": {
      "DISTINCT": 10
    },
    "UNRESOLVED": {
      "UNRESOLVED": 10
    }
  },
  "isolation_leaks": 0,
  "strategy": "a3_entailment"
}
STRATEGY a4_proof_obligation 2026-09-02T16:04:19+01:00
{
  "compared": 90,
  "exact": 13,
  "exact_accuracy": 0.14444444444444443,
  "unsupported_closures": 0,
  "semantic_risk": 0.0,
  "semantic_coverage": 0.03333333333333333,
  "committed": 3,
  "SAME_recall": 0.04285714285714286,
  "DISTINCT_recall": 0.0,
  "UNRESOLVED_recall": 1.0,
  "under_closure": 77,
  "polarity_errors": 0,
  "grounding_validity": 1.0,
  "proof_validity": 1.0,
  "mean_proof_size": 2.3222222222222224,
  "median_proof_size": 2.0,
  "adjudicator_proposed_wrong_caught": 0,
  "correct_closure_incorrectly_downgraded": 31,
  "correct_SAME_never_proposed": 46,
  "confusion": {
    "SAME_ENTITY": {
      "UNRESOLVED": 67,
      "SAME_ENTITY": 3
    },
    "DISTINCT": {
      "UNRESOLVED": 10
    },
    "UNRESOLVED": {
      "UNRESOLVED": 10
    }
  },
  "isolation_leaks": 0,
  "strategy": "a4_proof_obligation"
}
STRATEGY a5_pairwise 2026-09-02T16:22:37+01:00
{
  "compared": 90,
  "exact": 45,
  "exact_accuracy": 0.5,
  "unsupported_closures": 0,
  "semantic_risk": 0.0,
  "semantic_coverage": 0.3888888888888889,
  "committed": 35,
  "SAME_recall": 0.35714285714285715,
  "DISTINCT_recall": 1.0,
  "UNRESOLVED_recall": 1.0,
  "under_closure": 45,
  "polarity_errors": 0,
  "grounding_validity": 1.0,
  "proof_validity": 1.0,
  "mean_proof_size": 4.966666666666667,
  "median_proof_size": 5.0,
  "adjudicator_proposed_wrong_caught": 0,
  "correct_closure_incorrectly_downgraded": 0,
  "correct_SAME_never_proposed": 45,
  "confusion": {
    "SAME_ENTITY": {
      "SAME_ENTITY": 25,
      "UNRESOLVED": 45
    },
    "DISTINCT": {
      "DISTINCT": 10
    },
    "UNRESOLVED": {
      "UNRESOLVED": 10
    }
  },
  "isolation_leaks": 0,
  "strategy": "a5_pairwise"
}
STRATEGY a6_multistep 2026-09-02T16:59:48+01:00
{
  "compared": 90,
  "exact": 37,
  "exact_accuracy": 0.4111111111111111,
  "unsupported_closures": 0,
  "semantic_risk": 0.0,
  "semantic_coverage": 0.3,
  "committed": 27,
  "SAME_recall": 0.2714285714285714,
  "DISTINCT_recall": 0.8,
  "UNRESOLVED_recall": 1.0,
  "under_closure": 53,
  "polarity_errors": 0,
  "grounding_validity": 0.9777777777777777,
  "proof_validity": 0.9,
  "mean_proof_size": 5.511111111111111,
  "median_proof_size": 5.0,
  "adjudicator_proposed_wrong_caught": 0,
  "correct_closure_incorrectly_downgraded": 9,
  "correct_SAME_never_proposed": 44,
  "confusion": {
    "SAME_ENTITY": {
      "SAME_ENTITY": 19,
      "UNRESOLVED": 51
    },
    "DISTINCT": {
      "DISTINCT": 8,
      "UNRESOLVED": 2
    },
    "UNRESOLVED": {
      "UNRESOLVED": 10
    }
  },
  "isolation_leaks": 0,
  "strategy": "a6_multistep"
}
# Semantic Proof / Risk-Coverage Benchmark v1

Mechanism study of bounded identity adjudication. Not Constructor v3.
A0 is imported from frozen Constructor v2 AXIS A. A1–A6 were not prompt-tuned after seeing results.

```
Strategy                   Risk   Coverage  SAME recall    Exact
a0_v2                     0.000      0.439        0.421    0.550
a1_single                 0.000      0.467        0.457    0.578
a2_critic                 0.000      0.422        0.414    0.533
a3_entailment             0.000      0.400        0.371    0.511
a4_proof_obligation       0.000      0.033        0.043    0.144
a5_pairwise               0.000      0.389        0.357    0.500
a6_multistep              0.000      0.300        0.271    0.411
```

Primary question: can any strategy materially increase SAME recall over v2 while retaining zero or near-zero unsupported closure?

## MEASURED
- **a0_v2**: unsupported=0 risk=0.0 coverage=0.4388888888888889 exact=0.55 SAME_recall=0.42142857142857143 under_closure=81 polarity=0 correct_downgraded=35 SAME_never_proposed=46 compared=180
- **a1_single**: unsupported=0 risk=0.0 coverage=0.4666666666666667 exact=0.5777777777777777 SAME_recall=0.45714285714285713 under_closure=38 polarity=0 correct_downgraded=0 SAME_never_proposed=38 compared=90
- **a2_critic**: unsupported=0 risk=0.0 coverage=0.4222222222222222 exact=0.5333333333333333 SAME_recall=0.4142857142857143 under_closure=42 polarity=0 correct_downgraded=2 SAME_never_proposed=40 compared=90
- **a3_entailment**: unsupported=0 risk=0.0 coverage=0.4 exact=0.5111111111111111 SAME_recall=0.37142857142857144 under_closure=44 polarity=0 correct_downgraded=1 SAME_never_proposed=43 compared=90
- **a4_proof_obligation**: unsupported=0 risk=0.0 coverage=0.03333333333333333 exact=0.14444444444444443 SAME_recall=0.04285714285714286 under_closure=77 polarity=0 correct_downgraded=31 SAME_never_proposed=46 compared=90
- **a5_pairwise**: unsupported=0 risk=0.0 coverage=0.3888888888888889 exact=0.5 SAME_recall=0.35714285714285715 under_closure=45 polarity=0 correct_downgraded=0 SAME_never_proposed=45 compared=90
- **a6_multistep**: unsupported=0 risk=0.0 coverage=0.3 exact=0.4111111111111111 SAME_recall=0.2714285714285714 under_closure=53 polarity=0 correct_downgraded=9 SAME_never_proposed=44 compared=90

## OBSERVED
- A0 SAME recall=0.42142857142857143 exact=0.55 risk=0.0.
- Lowest-risk strategy with highest SAME recall among A1–A6: ('a1_single', 0.45714285714285713, 0).

## HYPOTHESIS
- Positive semantic proof remains the binding constraint if SAME recall stays near A0 while risk stays near zero.
- If a strategy raises SAME recall by recovering cue-verifier downgrades without new unsupported closures, the v2 cue list was the bottleneck rather than the model.

Frozen at 2026-09-02T16:23:59.428348+00:00.


DONE 2026-09-02T17:23:59+01:00
